OUT:
Buildfile: [TestData]/build.xml

build:
[kotlin2js] Compiling [[TestData]/root1] => [[Temp]/out.js]
[kotlin2js] logging: using Kotlin home directory [KotlinProjectHome]/dist/kotlinc
[kotlin2js] logging: exception on loading scripting plugin: java.lang.ClassNotFoundException: org.jetbrains.kotlin.scripting.compiler.plugin.ScriptingCompilerConfigurationComponentRegistrar
[kotlin2js] logging: compiling source files: [TestData]/root1/foo.kt
[kotlin2js] warning: legacy compiler is deprecated. Please migrate onto IR.

BUILD SUCCESSFUL
Total time: [time]

Return code: 0
