OUT:
Buildfile: [TestData]/build.xml

build:
    [mkdir] Created dir: [Temp]/lib
[kotlin2js] Compiling [[TestData]/jslib-example] => [[Temp]/lib/jslib-example.js]
[kotlin2js] warning: legacy compiler is deprecated. Please migrate onto IR.
[kotlin2js] Compiling [[TestData]/root1] => [[Temp]/out.js]
[kotlin2js] warning: legacy compiler is deprecated. Please migrate onto IR.
     [copy] Copying 2 files to [Temp]
     [copy] Copying 1 file to [Temp]

BUILD SUCCESSFUL
Total time: [time]

Return code: 0
