fooFoo(bar=42)
foonull
foobar
foonull
fooFoo(bar=42)
foobar
