fooFoo(bar=42)
nullnull
foobar
nullbar
fooFoo(bar=42)
nullnull
foobar
nullbar
