OUT:
Buildfile: [TestData]/build.xml

build:
[kotlin2js] Compiling [[TestData]/root1] => [[Temp]/out.js]
[kotlin2js] info: kotlinc-js [KotlinVersion] (JRE [JREVersion])
[kotlin2js] warning: legacy compiler is deprecated. Please migrate onto IR.

BUILD SUCCESSFUL
Total time: [time]

Return code: 0
